[debug] [2025-11-04T14:53:27.400Z] ----------------------------------------------------------------------
[debug] [2025-11-04T14:53:27.406Z] Command:       C:\Program Files\nodejs\node.exe C:\Users\rhich\AppData\Roaming\npm\node_modules\firebase-tools\lib\bin\firebase.js init
[debug] [2025-11-04T14:53:27.407Z] CLI Version:   14.23.0
[debug] [2025-11-04T14:53:27.407Z] Platform:      win32
[debug] [2025-11-04T14:53:27.407Z] Node Version:  v22.20.0
[debug] [2025-11-04T14:53:27.408Z] Time:          Tue Nov 04 2025 16:53:27 GMT+0200 (South Africa Standard Time)
[debug] [2025-11-04T14:53:27.408Z] ----------------------------------------------------------------------
[debug] 
[debug] [2025-11-04T14:53:27.412Z] >>> [apiv2][query] GET https://firebase-public.firebaseio.com/cli.json [none]
[info] 
     ######## #### ########  ######## ########     ###     ######  ########
     ##        ##  ##     ## ##       ##     ##  ##   ##  ##       ##
     ######    ##  ########  ######   ########  #########  ######  ######
     ##        ##  ##    ##  ##       ##     ## ##     ##       ## ##
     ##       #### ##     ## ######## ########  ##     ##  ######  ########

You're about to initialize a Firebase project in this directory:

  C:\Users\rhich\OneDrive\Documents\251169_Rhichelle_Strauss_DV100_S1_\Group10_Semester2_Term4_FinalWebsiteSubmission

[debug] [2025-11-04T14:53:28.002Z] <<< [apiv2][status] GET https://firebase-public.firebaseio.com/cli.json 200
[debug] [2025-11-04T14:53:28.003Z] <<< [apiv2][body] GET https://firebase-public.firebaseio.com/cli.json {"cloudBuildErrorAfter":1594252800000,"cloudBuildWarnAfter":1590019200000,"defaultNode10After":1594252800000,"minVersion":"3.0.5","node8DeploysDisabledAfter":1613390400000,"node8RuntimeDisabledAfter":1615809600000,"node8WarnAfter":1600128000000}
[info] 
=== Project Setup
[info] 
[info] First, let's associate this project directory with a Firebase project.
[info] You can create multiple project aliases by running firebase use --add, 
[info] 
[debug] [2025-11-04T14:59:25.619Z] > command requires scopes: ["email","openid","https://www.googleapis.com/auth/cloudplatformprojects.readonly","https://www.googleapis.com/auth/firebase","https://www.googleapis.com/auth/cloud-platform"]
[debug] [2025-11-04T14:59:25.619Z] > authorizing via signed-in user (251169@virtualwindow.co.za)
[debug] [2025-11-04T14:59:25.621Z] Checked if tokens are valid: false, expires at: 1761747078439
[debug] [2025-11-04T14:59:25.621Z] Checked if tokens are valid: false, expires at: 1761747078439
[debug] [2025-11-04T14:59:25.621Z] > refreshing access token with scopes: []
[debug] [2025-11-04T14:59:25.623Z] >>> [apiv2][query] POST https://www.googleapis.com/oauth2/v3/token [none]
[debug] [2025-11-04T14:59:25.623Z] >>> [apiv2][body] POST https://www.googleapis.com/oauth2/v3/token [omitted]
[debug] [2025-11-04T14:59:26.025Z] <<< [apiv2][status] POST https://www.googleapis.com/oauth2/v3/token 200
[debug] [2025-11-04T14:59:26.025Z] <<< [apiv2][body] POST https://www.googleapis.com/oauth2/v3/token [omitted]
[debug] [2025-11-04T14:59:26.040Z] >>> [apiv2][query] GET https://firebase.googleapis.com/v1beta1/projects pageSize=100
[debug] [2025-11-04T14:59:26.784Z] <<< [apiv2][status] GET https://firebase.googleapis.com/v1beta1/projects 200
[debug] [2025-11-04T14:59:26.784Z] <<< [apiv2][body] GET https://firebase.googleapis.com/v1beta1/projects [omitted]
[info] 
=== Hosting Setup
[debug] [2025-11-04T14:59:28.611Z] Checked if tokens are valid: true, expires at: 1762271965025
[debug] [2025-11-04T14:59:28.611Z] Checked if tokens are valid: true, expires at: 1762271965025
[debug] [2025-11-04T14:59:28.612Z] >>> [apiv2][query] GET https://firebase.googleapis.com/v1beta1/projects/p1xieflix [none]
[debug] [2025-11-04T14:59:28.973Z] <<< [apiv2][status] GET https://firebase.googleapis.com/v1beta1/projects/p1xieflix 200
[debug] [2025-11-04T14:59:28.973Z] <<< [apiv2][body] GET https://firebase.googleapis.com/v1beta1/projects/p1xieflix {"projectId":"p1xieflix","projectNumber":"891176958129","displayName":"P1xieFlix","name":"projects/p1xieflix","resources":{"hostingSite":"p1xieflix"},"state":"ACTIVE","etag":"1_3546371e-a4df-4cc5-bbd0-bd792ee550a3"}
[info] 
[info] Your public directory is the folder (relative to your project directory) that
[info] will contain Hosting assets to be uploaded with firebase deploy. If you
[info] have a build process for your assets, use your build's output directory.
[info] 
[debug] [2025-11-04T14:59:55.025Z] ExitPromptError: User force closed the prompt with SIGINT
    at Interface.sigint (C:\Users\rhich\AppData\Roaming\npm\node_modules\firebase-tools\node_modules\@inquirer\core\dist\commonjs\lib\create-prompt.js:101:37)
    at Interface.emit (node:events:519:28)
    at Interface.emit (node:domain:489:12)
    at [_ttyWrite] [as _ttyWrite] (node:internal/readline/interface:1128:18)
    at ReadStream.onkeypress (node:internal/readline/interface:271:20)
    at ReadStream.emit (node:events:531:35)
    at ReadStream.emit (node:domain:489:12)
    at emitKeys (node:internal/readline/utils:370:14)
    at emitKeys.next (<anonymous>)
    at ReadStream.onData (node:internal/readline/emitKeypressEvents:64:36)
[error] 
[error] Error: An unexpected error has occurred.
